[dotenv@17.2.3] injecting env (19) from .env -- tip: ≡ƒ¢á∩╕Å  run anywhere with `dotenvx run -- yourcommand`
Connecting to MongoDB...
Fetching a user to test with...
Testing with user: akshprogrammer23@gmail.com
Creating a mock contest starting in exactly 23.9 hours...
